1. Registering new student: teststudent_1768279654793@example.com ...
Registration Failed: connect ECONNREFUSED 127.0.0.1:3515

2. Attempting Login...
Login Failed: connect ECONNREFUSED 127.0.0.1:3515
1. Registering new student: teststudent_1768280130170@example.com ...
Registration Failed: Request failed with status code 401
Response Data: {"error":{"message":"Internal server error"}}

2. Attempting Login...
Login Failed: Request failed with status code 500
Response Data: {"errors":{"message":"An error occurred."}}
1. Registering new student: teststudent_1768280729253@example.com ...
Registration Response: [{"Student_ID":321,"Source":"Student","existingUser":1}]

2. Attempting Login...
Login Failed: Request failed with status code 500
Response Data: {"errors":{"message":"An error occurred.","details":"Unknown column 'Salt' in 'field list'"}}
1. Registering new student: teststudent_1768281038789@example.com ...
Registration Response: [{"Student_ID":321,"Source":"Student","existingUser":1}]

2. Attempting Login...
Login Failed: Request failed with status code 401
Response Data: {"error":{"message":"Invalid Email ID/Password"}}
1. Registering new student: teststudent_1768281072016@example.com ...
Registration Response: [{"Student_ID":321,"Source":"Student","existingUser":1}]

2. Attempting Login...
Login Failed: Request failed with status code 401
Response Data: {"error":{"message":"Invalid Email ID/Password"}}
1. Registering new student: teststudent_1768281210651@example.com (Phone: 9834576328) ...
Registration Response: [{"Student_ID":326,"Source":"Student","existingUser":0}]

2. Attempting Login...
Login Response: {"Student_ID":326,"First_Name":"Test","Last_Name":"Student","Email":"teststudent_1768281210651@example.com","Phone_Number":"9834576328","Password":"$2b$10$cSPvVEU95uuG.tqcX7Sx/u6FF8A..PGIy2EaBLDGySzZRRC4K92Nu","Salt":"$2b$10$cSPvVEU95uuG.tqcX7Sx/u","Delete_Status":0,"Device_ID":null,"token":"eyJhbGciOiJIUzI1NiIsInR5cCI6IkpXVCJ9.eyJ1c2VySWQiOjMyNiwiaXNTdHVkZW50IjoxLCJpYXQiOjE3NjgyODEyMTF9.o06tswguH49MnKBlf2DAJlBHQtNJrTntEXLDIMGoTH4"}
SUCCESS: Token received.
1. Registering new student: teststudent_1768801150102@example.com (Phone: 9467017734) ...
Registration Response: [{"Student_ID":329,"Source":"Student","existingUser":0}]

2. Attempting Login...
Login Response: {"Student_ID":329,"First_Name":"Test","Last_Name":"Student","Email":"teststudent_1768801150102@example.com","Phone_Number":"9467017734","Password":"$2b$10$r2eawkwm87hgW7rxc.B8rereGz.OMoRweHIw6GpJg2dG/1fp.oBkK","Salt":"$2b$10$r2eawkwm87hgW7rxc.B8re","Delete_Status":0,"Device_ID":null,"token":"eyJhbGciOiJIUzI1NiIsInR5cCI6IkpXVCJ9.eyJ1c2VySWQiOjMyOSwiaXNTdHVkZW50IjoxLCJpYXQiOjE3Njg4MDExNTF9.DjW_wCXs6ZiYv2MEjnih16W7K7Z-ZSWtJPmhFJmVA0c"}
SUCCESS: Token received.
1. Registering new student: teststudent_1768816680037@example.com (Phone: 9975193935) ...
Registration Response: [{"Student_ID":330,"Source":"Student","existingUser":0}]

2. Attempting Login...
Login Response: {"Student_ID":330,"First_Name":"Test","Last_Name":"Student","Email":"teststudent_1768816680037@example.com","Phone_Number":"9975193935","Password":"$2b$10$5.0ZhUXUqXUGTbICWaQ4Z.OYA.TSSGwInUJSx4x66sqvi07//JtEG","Salt":"$2b$10$5.0ZhUXUqXUGTbICWaQ4Z.","Delete_Status":0,"Device_ID":null,"token":"eyJhbGciOiJIUzI1NiIsInR5cCI6IkpXVCJ9.eyJ1c2VySWQiOjMzMCwiaXNTdHVkZW50IjoxLCJpYXQiOjE3Njg4MTY2ODF9.2UkZI2MLz-D7alES__aoB1wd1KrHyVZFiB7fl-qmZ2I"}
SUCCESS: Token received.
1. Registering new student: teststudent_1768990102500@example.com (Phone: 9200522176) ...
Registration Response: [{"Student_ID":334,"Source":"Student","existingUser":0}]

2. Attempting Login...
Login Response: {"Student_ID":334,"First_Name":"Test","Last_Name":"Student","Email":"teststudent_1768990102500@example.com","Phone_Number":"9200522176","Password":"$2b$10$0UekjuCoVfEnzrH4aQWPt.Wf6JlZYVP8R1xhKv9shefAtgSSQOGwi","Salt":"$2b$10$0UekjuCoVfEnzrH4aQWPt.","Delete_Status":0,"Device_ID":null,"token":"eyJhbGciOiJIUzI1NiIsInR5cCI6IkpXVCJ9.eyJ1c2VySWQiOjMzNCwiaXNTdHVkZW50IjoxLCJpYXQiOjE3Njg5OTAxMDN9.HQBKNkeqTkL3Nv9hPU3v62WZX4j__0P8J2VLAujyqsU"}
SUCCESS: Token received.
1. Registering new student: teststudent_1769659581572@example.com (Phone: 9797946974) ...
Registration Response: [{"Student_ID":337,"Source":"Student","existingUser":0}]

2. Attempting Login...
Login Response: {"Student_ID":337,"First_Name":"Test","Last_Name":"Student","Email":"teststudent_1769659581572@example.com","Phone_Number":"9797946974","Password":"$2b$10$PgAKLd/zIN/NHNgpB8TV6.f8jGaN5lRkXi/bVSppz739o75oIeuqe","Salt":"$2b$10$PgAKLd/zIN/NHNgpB8TV6.","Delete_Status":0,"Device_ID":null,"token":"eyJhbGciOiJIUzI1NiIsInR5cCI6IkpXVCJ9.eyJ1c2VySWQiOjMzNywiaXNTdHVkZW50IjoxLCJpYXQiOjE3Njk2NTk1ODJ9.6E7LgnoCiDdN_2WJHcIuOaUddC-eJAXun2dsEFG0JAE"}
SUCCESS: Token received.
